// Jest Snapshot v1, https://goo.gl/fbAQLP

exports[`Component snapshot testing renders without data 1`] = `
<Modal
  animationType="none"
  hardwareAccelerated={false}
  hideModalContentWhileAnimating={false}
  onModalHide={[Function]}
  onModalWillHide={[Function]}
  onModalWillShow={[Function]}
  onRequestClose={[Function]}
  scrollHorizontal={false}
  scrollOffset={0}
  scrollOffsetMax={0}
  scrollTo={null}
  supportedOrientations={
    Array [
      "portrait",
      "landscape",
    ]
  }
  swipeThreshold={100}
  transparent={true}
  visible={false}
>
  <View
    accessible={true}
    onResponderGrant={[Function]}
    onResponderMove={[Function]}
    onResponderRelease={[Function]}
    onResponderTerminate={[Function]}
    onResponderTerminationRequest={[Function]}
    onStartShouldSetResponder={[Function]}
    style={
      Object {
        "backgroundColor": "#8C8C8C",
        "bottom": 0,
        "height": 1334,
        "left": 0,
        "opacity": 0,
        "position": "absolute",
        "right": 0,
        "top": 0,
        "width": 750,
      }
    }
  />
  <View
    hideModalContentWhileAnimating={false}
    onModalHide={[Function]}
    onModalWillHide={[Function]}
    onModalWillShow={[Function]}
    pointerEvents="box-none"
    scrollHorizontal={false}
    scrollOffset={0}
    scrollOffsetMax={0}
    scrollTo={null}
    style={
      Object {
        "flex": 1,
        "justifyContent": "center",
        "margin": 0,
        "transform": Array [
          Object {
            "translateY": 0,
          },
        ],
      }
    }
    supportedOrientations={
      Array [
        "portrait",
        "landscape",
      ]
    }
    swipeThreshold={100}
  >
    <View
      style={
        Object {
          "alignItems": "center",
          "flex": 1,
          "justifyContent": "center",
        }
      }
    >
      <View
        style={
          Object {
            "alignItems": "center",
            "backgroundColor": "#FFFFFF",
            "borderRadius": 5,
            "height": 300,
            "paddingHorizontal": 20,
            "width": 300,
          }
        }
      >
        <Image
          resizeMode="contain"
          source={
            Object {
              "process": [Function],
            }
          }
          style={
            Object {
              "height": 25,
              "marginTop": 35,
              "width": 25,
            }
          }
        />
        <Text
          style={
            Object {
              "color": "#1ea54f",
              "fontFamily": "Quicksand-Medium",
              "fontSize": 31.428571428571427,
              "marginTop": 25,
            }
          }
        />
        <Text
          style={
            Object {
              "color": "#8c8c8c",
              "fontFamily": "Quicksand-Medium",
              "fontSize": 18.857142857142858,
              "marginTop": 13,
              "textAlign": "center",
            }
          }
        />
        <View
          style={
            Object {
              "flexDirection": "row",
              "marginTop": 50,
            }
          }
        >
          <View
            accessible={true}
            isTVSelectable={true}
            onResponderGrant={[Function]}
            onResponderMove={[Function]}
            onResponderRelease={[Function]}
            onResponderTerminate={[Function]}
            onResponderTerminationRequest={[Function]}
            onStartShouldSetResponder={[Function]}
            style={
              Object {
                "alignItems": "center",
                "backgroundColor": "#FFFFFF",
                "borderColor": "#1ea54f",
                "borderRadius": 37.714285714285715,
                "borderWidth": 1,
                "elevation": 0,
                "flexDirection": "row",
                "height": 78.47058823529412,
                "justifyContent": "center",
                "marginHorizontal": 10,
                "opacity": 1,
                "width": 100,
              }
            }
          >
            <Text
              style={
                Array [
                  Object {
                    "color": "#1ea54f",
                    "fontFamily": "Quicksand-Medium",
                    "fontSize": 22,
                  },
                  Object {},
                ]
              }
            >
              Tidak
            </Text>
          </View>
          <View
            accessible={true}
            isTVSelectable={true}
            onResponderGrant={[Function]}
            onResponderMove={[Function]}
            onResponderRelease={[Function]}
            onResponderTerminate={[Function]}
            onResponderTerminationRequest={[Function]}
            onStartShouldSetResponder={[Function]}
            style={
              Object {
                "alignItems": "center",
                "backgroundColor": "#1ea54f",
                "borderRadius": 37.714285714285715,
                "elevation": 0,
                "flexDirection": "row",
                "height": 78.47058823529412,
                "justifyContent": "center",
                "marginHorizontal": 10,
                "opacity": 1,
                "width": 100,
              }
            }
          >
            <Text
              style={
                Array [
                  Object {
                    "color": "#FFFFFF",
                    "fontFamily": "Quicksand-Medium",
                    "fontSize": 22,
                  },
                  Object {},
                ]
              }
            >
              Ya
            </Text>
          </View>
        </View>
      </View>
    </View>
  </View>
</Modal>
`;
