// Jest Snapshot v1, https://goo.gl/fbAQLP

exports[`Component snapshot testing renders without data 1`] = `
<View
  accessible={true}
  isTVSelectable={true}
  onResponderGrant={[Function]}
  onResponderMove={[Function]}
  onResponderRelease={[Function]}
  onResponderTerminate={[Function]}
  onResponderTerminationRequest={[Function]}
  onStartShouldSetResponder={[Function]}
  style={
    Object {
      "alignItems": "center",
      "flex": 1,
      "flexDirection": "row",
      "justifyContent": "center",
      "opacity": 1,
    }
  }
>
  <View
    style={
      Array [
        Object {
          "alignItems": "center",
          "flex": 1,
          "flexDirection": "row",
          "justifyContent": "center",
        },
        undefined,
      ]
    }
  >
    <View
      style={
        Array [
          Object {
            "alignSelf": "flex-start",
            "backgroundColor": "#DEE3ED",
            "borderColor": "#DEE3ED",
            "borderRadius": 10,
            "height": 16,
            "justifyContent": "center",
            "margin": 10,
            "width": 16,
          },
          undefined,
        ]
      }
    />
    <Text
      accessible={true}
      allowFontScaling={true}
      ellipsizeMode="tail"
      style={
        Array [
          Object {
            "alignSelf": "center",
            "color": "#000000",
            "fontFamily": "Ubuntu-Medium",
            "fontSize": 12,
            "textAlign": "left",
            "textAlignVertical": "center",
          },
          undefined,
        ]
      }
    >
      
    </Text>
  </View>
</View>
`;
