// Jest Snapshot v1, https://goo.gl/fbAQLP

exports[`DashboardWidgetComponent rendered properly Should have matched snapshot 1`] = `
<View
  accessibilityComponentType={undefined}
  accessibilityLabel={undefined}
  accessibilityTraits={undefined}
  accessible={true}
  collapsable={undefined}
  hasTVPreferredFocus={undefined}
  hitSlop={undefined}
  isTVSelectable={true}
  nativeID={undefined}
  onLayout={undefined}
  onResponderGrant={[Function]}
  onResponderMove={[Function]}
  onResponderRelease={[Function]}
  onResponderTerminate={[Function]}
  onResponderTerminationRequest={[Function]}
  onStartShouldSetResponder={[Function]}
  style={
    Object {
      "opacity": 1,
    }
  }
  testID={undefined}
  tvParallaxProperties={undefined}
>
  <BVLinearGradient
    colors={
      Array [
        4283197087,
        4282079640,
        4279840618,
      ]
    }
    endPoint={
      Object {
        "x": 0.2,
        "y": 1,
      }
    }
    locations={
      Array [
        0,
        0.6,
        1,
      ]
    }
    startPoint={
      Object {
        "x": 0,
        "y": 0,
      }
    }
    style={undefined}
  >
    <View
      onPress={[MockFunction]}
      style={undefined}
    >
      <View
        style={undefined}
      >
        <Image
          className="header-icon"
          resizeMode="contain"
          source={1}
          style={undefined}
        />
      </View>
      <View
        className="header-title"
        style={undefined}
      >
        <Text
          accessible={true}
          allowFontScaling={true}
          ellipsizeMode="tail"
          style={undefined}
        >
          totalFarmer
        </Text>
      </View>
      <View
        className="header-button"
        style={undefined}
      >
        <Text
          accessible={true}
          allowFontScaling={true}
          ellipsizeMode="tail"
          style={undefined}
        >
          total: 20
        </Text>
      </View>
    </View>
    <View
      style={undefined}
    >
      <View
        style={undefined}
      >
        <Text
          accessible={true}
          allowFontScaling={true}
          ellipsizeMode="tail"
          style={undefined}
        >
          15
        </Text>
        <Text
          accessible={true}
          allowFontScaling={true}
          ellipsizeMode="tail"
          style={undefined}
        >
          Assignedtolandcount

        </Text>
      </View>
      <View
        style={undefined}
      >
        <Text
          accessible={true}
          allowFontScaling={true}
          ellipsizeMode="tail"
          style={undefined}
        >
          10
        </Text>
        <Text
          accessible={true}
          allowFontScaling={true}
          ellipsizeMode="tail"
          style={undefined}
        >
          Inprogressloancount

        </Text>
      </View>
      <View
        style={undefined}
      >
        <Text
          accessible={true}
          allowFontScaling={true}
          ellipsizeMode="tail"
          style={undefined}
        >
          2
        </Text>
        <Text
          accessible={true}
          allowFontScaling={true}
          ellipsizeMode="tail"
          style={undefined}
        >
          Approvedloancount

        </Text>
      </View>
    </View>
  </BVLinearGradient>
</View>
`;
